Archive member included to satisfy reference by file (symbol)

/opt/st/stm32cubeide_1.6.1/plugins/com.st.stm32cube.ide.mcu.externaltools.gnu-tools-for-stm32.9-2020-q2-update.linux64_1.5.0.202011040924/tools/bin/../lib/gcc/arm-none-eabi/9.3.1/../../../../arm-none-eabi/lib/thumb/v7e-m+fp/hard/libc_nano.a(lib_a-errno.o)
                              Core/Src/syscalls.o (__errno)
/opt/st/stm32cubeide_1.6.1/plugins/com.st.stm32cube.ide.mcu.externaltools.gnu-tools-for-stm32.9-2020-q2-update.linux64_1.5.0.202011040924/tools/bin/../lib/gcc/arm-none-eabi/9.3.1/../../../../arm-none-eabi/lib/thumb/v7e-m+fp/hard/libc_nano.a(lib_a-exit.o)
                              /opt/st/stm32cubeide_1.6.1/plugins/com.st.stm32cube.ide.mcu.externaltools.gnu-tools-for-stm32.9-2020-q2-update.linux64_1.5.0.202011040924/tools/bin/../lib/gcc/arm-none-eabi/9.3.1/../../../../arm-none-eabi/lib/thumb/v7e-m+fp/hard/crt0.o (exit)
/opt/st/stm32cubeide_1.6.1/plugins/com.st.stm32cube.ide.mcu.externaltools.gnu-tools-for-stm32.9-2020-q2-update.linux64_1.5.0.202011040924/tools/bin/../lib/gcc/arm-none-eabi/9.3.1/../../../../arm-none-eabi/lib/thumb/v7e-m+fp/hard/libc_nano.a(lib_a-impure.o)
                              /opt/st/stm32cubeide_1.6.1/plugins/com.st.stm32cube.ide.mcu.externaltools.gnu-tools-for-stm32.9-2020-q2-update.linux64_1.5.0.202011040924/tools/bin/../lib/gcc/arm-none-eabi/9.3.1/../../../../arm-none-eabi/lib/thumb/v7e-m+fp/hard/libc_nano.a(lib_a-exit.o) (_global_impure_ptr)
/opt/st/stm32cubeide_1.6.1/plugins/com.st.stm32cube.ide.mcu.externaltools.gnu-tools-for-stm32.9-2020-q2-update.linux64_1.5.0.202011040924/tools/bin/../lib/gcc/arm-none-eabi/9.3.1/../../../../arm-none-eabi/lib/thumb/v7e-m+fp/hard/libc_nano.a(lib_a-init.o)
                              /opt/st/stm32cubeide_1.6.1/plugins/com.st.stm32cube.ide.mcu.externaltools.gnu-tools-for-stm32.9-2020-q2-update.linux64_1.5.0.202011040924/tools/bin/../lib/gcc/arm-none-eabi/9.3.1/../../../../arm-none-eabi/lib/thumb/v7e-m+fp/hard/crt0.o (__libc_init_array)
/opt/st/stm32cubeide_1.6.1/plugins/com.st.stm32cube.ide.mcu.externaltools.gnu-tools-for-stm32.9-2020-q2-update.linux64_1.5.0.202011040924/tools/bin/../lib/gcc/arm-none-eabi/9.3.1/../../../../arm-none-eabi/lib/thumb/v7e-m+fp/hard/libc_nano.a(lib_a-memset.o)
                              /opt/st/stm32cubeide_1.6.1/plugins/com.st.stm32cube.ide.mcu.externaltools.gnu-tools-for-stm32.9-2020-q2-update.linux64_1.5.0.202011040924/tools/bin/../lib/gcc/arm-none-eabi/9.3.1/../../../../arm-none-eabi/lib/thumb/v7e-m+fp/hard/crt0.o (memset)
/opt/st/stm32cubeide_1.6.1/plugins/com.st.stm32cube.ide.mcu.externaltools.gnu-tools-for-stm32.9-2020-q2-update.linux64_1.5.0.202011040924/tools/bin/../lib/gcc/arm-none-eabi/9.3.1/../../../../arm-none-eabi/lib/thumb/v7e-m+fp/hard/libc_nano.a(lib_a-strlen.o)
                              Core/Src/main.o (strlen)
/opt/st/stm32cubeide_1.6.1/plugins/com.st.stm32cube.ide.mcu.externaltools.gnu-tools-for-stm32.9-2020-q2-update.linux64_1.5.0.202011040924/tools/bin/../lib/gcc/arm-none-eabi/9.3.1/thumb/v7e-m+fp/hard/libgcc.a(_aeabi_uldivmod.o)
                              Drivers/STM32L4xx_HAL_Driver/Src/stm32l4xx_hal_uart.o (__aeabi_uldivmod)
/opt/st/stm32cubeide_1.6.1/plugins/com.st.stm32cube.ide.mcu.externaltools.gnu-tools-for-stm32.9-2020-q2-update.linux64_1.5.0.202011040924/tools/bin/../lib/gcc/arm-none-eabi/9.3.1/thumb/v7e-m+fp/hard/libgcc.a(_udivmoddi4.o)
                              /opt/st/stm32cubeide_1.6.1/plugins/com.st.stm32cube.ide.mcu.externaltools.gnu-tools-for-stm32.9-2020-q2-update.linux64_1.5.0.202011040924/tools/bin/../lib/gcc/arm-none-eabi/9.3.1/thumb/v7e-m+fp/hard/libgcc.a(_aeabi_uldivmod.o) (__udivmoddi4)
/opt/st/stm32cubeide_1.6.1/plugins/com.st.stm32cube.ide.mcu.externaltools.gnu-tools-for-stm32.9-2020-q2-update.linux64_1.5.0.202011040924/tools/bin/../lib/gcc/arm-none-eabi/9.3.1/thumb/v7e-m+fp/hard/libgcc.a(_dvmd_tls.o)
                              /opt/st/stm32cubeide_1.6.1/plugins/com.st.stm32cube.ide.mcu.externaltools.gnu-tools-for-stm32.9-2020-q2-update.linux64_1.5.0.202011040924/tools/bin/../lib/gcc/arm-none-eabi/9.3.1/thumb/v7e-m+fp/hard/libgcc.a(_aeabi_uldivmod.o) (__aeabi_ldiv0)

Allocating common symbols
Common symbol       size              file

huart3              0x84              Core/Src/main.o
uwTick              0x4               Drivers/STM32L4xx_HAL_Driver/Src/stm32l4xx_hal.o
hspi1               0x64              Core/Src/main.o
huart2              0x84              Core/Src/main.o

Discarded input sections

 .text          0x0000000000000000        0x0 /opt/st/stm32cubeide_1.6.1/plugins/com.st.stm32cube.ide.mcu.externaltools.gnu-tools-for-stm32.9-2020-q2-update.linux64_1.5.0.202011040924/tools/bin/../lib/gcc/arm-none-eabi/9.3.1/thumb/v7e-m+fp/hard/crti.o
[...]
Memory Configuration

Name             Origin             Length             Attributes
RAM              0x0000000020000000 0x0000000000018000 xrw
RAM2             0x0000000010000000 0x0000000000008000 xrw
FLASH            0x0000000008000000 0x0000000000100000 xr
*default*        0x0000000000000000 0xffffffffffffffff

Linker script and memory map

LOAD /opt/st/stm32cubeide_1.6.1/plugins/com.st.stm32cube.ide.mcu.externaltools.gnu-tools-for-stm32.9-2020-q2-update.linux64_1.5.0.202011040924/tools/bin/../lib/gcc/arm-none-eabi/9.3.1/thumb/v7e-m+fp/hard/crti.o
LOAD /opt/st/stm32cubeide_1.6.1/plugins/com.st.stm32cube.ide.mcu.externaltools.gnu-tools-for-stm32.9-2020-q2-update.linux64_1.5.0.202011040924/tools/bin/../lib/gcc/arm-none-eabi/9.3.1/thumb/v7e-m+fp/hard/crtbegin.o
LOAD /opt/st/stm32cubeide_1.6.1/plugins/com.st.stm32cube.ide.mcu.externaltools.gnu-tools-for-stm32.9-2020-q2-update.linux64_1.5.0.202011040924/tools/bin/../lib/gcc/arm-none-eabi/9.3.1/../../../../arm-none-eabi/lib/thumb/v7e-m+fp/hard/crt0.o
LOAD Core/Src/main.o
LOAD Core/Src/stm32l4xx_hal_msp.o
LOAD Core/Src/stm32l4xx_it.o
LOAD Core/Src/syscalls.o
LOAD Core/Src/sysmem.o
LOAD Core/Src/system_stm32l4xx.o
LOAD Core/Startup/startup_stm32l476rgtx.o
LOAD Drivers/STM32L4xx_HAL_Driver/Src/stm32l4xx_hal.o
LOAD Drivers/STM32L4xx_HAL_Driver/Src/stm32l4xx_hal_cortex.o
LOAD Drivers/STM32L4xx_HAL_Driver/Src/stm32l4xx_hal_dma.o
LOAD Drivers/STM32L4xx_HAL_Driver/Src/stm32l4xx_hal_dma_ex.o
LOAD Drivers/STM32L4xx_HAL_Driver/Src/stm32l4xx_hal_exti.o
LOAD Drivers/STM32L4xx_HAL_Driver/Src/stm32l4xx_hal_flash.o
LOAD Drivers/STM32L4xx_HAL_Driver/Src/stm32l4xx_hal_flash_ex.o
LOAD Drivers/STM32L4xx_HAL_Driver/Src/stm32l4xx_hal_flash_ramfunc.o
LOAD Drivers/STM32L4xx_HAL_Driver/Src/stm32l4xx_hal_gpio.o
LOAD Drivers/STM32L4xx_HAL_Driver/Src/stm32l4xx_hal_i2c.o
LOAD Drivers/STM32L4xx_HAL_Driver/Src/stm32l4xx_hal_i2c_ex.o
LOAD Drivers/STM32L4xx_HAL_Driver/Src/stm32l4xx_hal_pwr.o
LOAD Drivers/STM32L4xx_HAL_Driver/Src/stm32l4xx_hal_pwr_ex.o
LOAD Drivers/STM32L4xx_HAL_Driver/Src/stm32l4xx_hal_rcc.o
LOAD Drivers/STM32L4xx_HAL_Driver/Src/stm32l4xx_hal_rcc_ex.o
LOAD Drivers/STM32L4xx_HAL_Driver/Src/stm32l4xx_hal_spi.o
LOAD Drivers/STM32L4xx_HAL_Driver/Src/stm32l4xx_hal_spi_ex.o
LOAD Drivers/STM32L4xx_HAL_Driver/Src/stm32l4xx_hal_tim.o
LOAD Drivers/STM32L4xx_HAL_Driver/Src/stm32l4xx_hal_tim_ex.o
LOAD Drivers/STM32L4xx_HAL_Driver/Src/stm32l4xx_hal_uart.o
LOAD Drivers/STM32L4xx_HAL_Driver/Src/stm32l4xx_hal_uart_ex.o
START GROUP
LOAD /opt/st/stm32cubeide_1.6.1/plugins/com.st.stm32cube.ide.mcu.externaltools.gnu-tools-for-stm32.9-2020-q2-update.linux64_1.5.0.202011040924/tools/bin/../lib/gcc/arm-none-eabi/9.3.1/../../../../arm-none-eabi/lib/thumb/v7e-m+fp/hard/libc_nano.a
LOAD /opt/st/stm32cubeide_1.6.1/plugins/com.st.stm32cube.ide.mcu.externaltools.gnu-tools-for-stm32.9-2020-q2-update.linux64_1.5.0.202011040924/tools/bin/../lib/gcc/arm-none-eabi/9.3.1/../../../../arm-none-eabi/lib/thumb/v7e-m+fp/hard/libm.a
END GROUP
START GROUP
LOAD /opt/st/stm32cubeide_1.6.1/plugins/com.st.stm32cube.ide.mcu.externaltools.gnu-tools-for-stm32.9-2020-q2-update.linux64_1.5.0.202011040924/tools/bin/../lib/gcc/arm-none-eabi/9.3.1/thumb/v7e-m+fp/hard/libgcc.a
LOAD /opt/st/stm32cubeide_1.6.1/plugins/com.st.stm32cube.ide.mcu.externaltools.gnu-tools-for-stm32.9-2020-q2-update.linux64_1.5.0.202011040924/tools/bin/../lib/gcc/arm-none-eabi/9.3.1/../../../../arm-none-eabi/lib/thumb/v7e-m+fp/hard/libc_nano.a
END GROUP
START GROUP
LOAD /opt/st/stm32cubeide_1.6.1/plugins/com.st.stm32cube.ide.mcu.externaltools.gnu-tools-for-stm32.9-2020-q2-update.linux64_1.5.0.202011040924/tools/bin/../lib/gcc/arm-none-eabi/9.3.1/thumb/v7e-m+fp/hard/libgcc.a
LOAD /opt/st/stm32cubeide_1.6.1/plugins/com.st.stm32cube.ide.mcu.externaltools.gnu-tools-for-stm32.9-2020-q2-update.linux64_1.5.0.202011040924/tools/bin/../lib/gcc/arm-none-eabi/9.3.1/../../../../arm-none-eabi/lib/thumb/v7e-m+fp/hard/libc_nano.a
LOAD /opt/st/stm32cubeide_1.6.1/plugins/com.st.stm32cube.ide.mcu.externaltools.gnu-tools-for-stm32.9-2020-q2-update.linux64_1.5.0.202011040924/tools/bin/../lib/gcc/arm-none-eabi/9.3.1/../../../../arm-none-eabi/lib/thumb/v7e-m+fp/hard/libnosys.a
END GROUP
START GROUP
LOAD /opt/st/stm32cubeide_1.6.1/plugins/com.st.stm32cube.ide.mcu.externaltools.gnu-tools-for-stm32.9-2020-q2-update.linux64_1.5.0.202011040924/tools/bin/../lib/gcc/arm-none-eabi/9.3.1/thumb/v7e-m+fp/hard/libgcc.a
LOAD /opt/st/stm32cubeide_1.6.1/plugins/com.st.stm32cube.ide.mcu.externaltools.gnu-tools-for-stm32.9-2020-q2-update.linux64_1.5.0.202011040924/tools/bin/../lib/gcc/arm-none-eabi/9.3.1/../../../../arm-none-eabi/lib/thumb/v7e-m+fp/hard/libc_nano.a
LOAD /opt/st/stm32cubeide_1.6.1/plugins/com.st.stm32cube.ide.mcu.externaltools.gnu-tools-for-stm32.9-2020-q2-update.linux64_1.5.0.202011040924/tools/bin/../lib/gcc/arm-none-eabi/9.3.1/../../../../arm-none-eabi/lib/thumb/v7e-m+fp/hard/libnosys.a
END GROUP
LOAD /opt/st/stm32cubeide_1.6.1/plugins/com.st.stm32cube.ide.mcu.externaltools.gnu-tools-for-stm32.9-2020-q2-update.linux64_1.5.0.202011040924/tools/bin/../lib/gcc/arm-none-eabi/9.3.1/thumb/v7e-m+fp/hard/crtend.o
LOAD /opt/st/stm32cubeide_1.6.1/plugins/com.st.stm32cube.ide.mcu.externaltools.gnu-tools-for-stm32.9-2020-q2-update.linux64_1.5.0.202011040924/tools/bin/../lib/gcc/arm-none-eabi/9.3.1/thumb/v7e-m+fp/hard/crtn.o
                0x0000000020018000                _estack = (ORIGIN (RAM) + LENGTH (RAM))
                0x0000000000000200                _Min_Heap_Size = 0x200
                0x0000000000000400                _Min_Stack_Size = 0x400

.isr_vector     0x0000000008000000      0x188
                0x0000000008000000                . = ALIGN (0x4)
 *(.isr_vector)
 .isr_vector    0x0000000008000000      0x188 Core/Startup/startup_stm32l476rgtx.o
                0x0000000008000000                g_pfnVectors
                0x0000000008000188                . = ALIGN (0x4)

.text           0x0000000008000188     0x37cc
                0x0000000008000188                . = ALIGN (0x4)
 *(.text)
 .text          0x0000000008000188       0x40 /opt/st/stm32cubeide_1.6.1/plugins/com.st.stm32cube.ide.mcu.externaltools.gnu-tools-for-stm32.9-2020-q2-update.linux64_1.5.0.202011040924/tools/bin/../lib/gcc/arm-none-eabi/9.3.1/thumb/v7e-m+fp/hard/crtbegin.o
 .text          0x00000000080001c8       0x10 /opt/st/stm32cubeide_1.6.1/plugins/com.st.stm32cube.ide.mcu.externaltools.gnu-tools-for-stm32.9-2020-q2-update.linux64_1.5.0.202011040924/tools/bin/../lib/gcc/arm-none-eabi/9.3.1/../../../../arm-none-eabi/lib/thumb/v7e-m+fp/hard/libc_nano.a(lib_a-strlen.o)
                0x00000000080001c8                strlen
 .text          0x00000000080001d8       0x30 /opt/st/stm32cubeide_1.6.1/plugins/com.st.stm32cube.ide.mcu.externaltools.gnu-tools-for-stm32.9-2020-q2-update.linux64_1.5.0.202011040924/tools/bin/../lib/gcc/arm-none-eabi/9.3.1/thumb/v7e-m+fp/hard/libgcc.a(_aeabi_uldivmod.o)
                0x00000000080001d8                __aeabi_uldivmod
 .text          0x0000000008000208      0x2c4 /opt/st/stm32cubeide_1.6.1/plugins/com.st.stm32cube.ide.mcu.externaltools.gnu-tools-for-stm32.9-2020-q2-update.linux64_1.5.0.202011040924/tools/bin/../lib/gcc/arm-none-eabi/9.3.1/thumb/v7e-m+fp/hard/libgcc.a(_udivmoddi4.o)
                0x0000000008000208                __udivmoddi4
 .text          0x00000000080004cc        0x4 /opt/st/stm32cubeide_1.6.1/plugins/com.st.stm32cube.ide.mcu.externaltools.gnu-tools-for-stm32.9-2020-q2-update.linux64_1.5.0.202011040924/tools/bin/../lib/gcc/arm-none-eabi/9.3.1/thumb/v7e-m+fp/hard/libgcc.a(_dvmd_tls.o)
                0x00000000080004cc                __aeabi_ldiv0
                0x00000000080004cc                __aeabi_idiv0
 *(.text*)
 .text.main     0x00000000080004d0       0xb4 Core/Src/main.o
                0x00000000080004d0                main
 .text.SystemClock_Config
                0x0000000008000584       0xee Core/Src/main.o
                0x0000000008000584                SystemClock_Config
 *fill*         0x0000000008000672        0x2 
 .text.MX_SPI1_Init
                0x0000000008000674       0x7c Core/Src/main.o
 .text.MX_USART2_UART_Init
                0x00000000080006f0       0x60 Core/Src/main.o
 .text.MX_USART3_UART_Init
                0x0000000008000750       0x60 Core/Src/main.o
 .text.MX_GPIO_Init
                0x00000000080007b0       0xfc Core/Src/main.o
 .text.Error_Handler
                0x00000000080008ac        0xa Core/Src/main.o
                0x00000000080008ac                Error_Handler
 *fill*         0x00000000080008b6        0x2 
 .text.HAL_MspInit
                0x00000000080008b8       0x48 Core/Src/stm32l4xx_hal_msp.o
                0x00000000080008b8                HAL_MspInit
 .text.HAL_SPI_MspInit
                0x0000000008000900       0x84 Core/Src/stm32l4xx_hal_msp.o
                0x0000000008000900                HAL_SPI_MspInit
 .text.HAL_UART_MspInit
                0x0000000008000984       0xec Core/Src/stm32l4xx_hal_msp.o
                0x0000000008000984                HAL_UART_MspInit
 .text.NMI_Handler
                0x0000000008000a70        0x6 Core/Src/stm32l4xx_it.o
                0x0000000008000a70                NMI_Handler
 .text.HardFault_Handler
                0x0000000008000a76        0x6 Core/Src/stm32l4xx_it.o
                0x0000000008000a76                HardFault_Handler
 .text.MemManage_Handler
                0x0000000008000a7c        0x6 Core/Src/stm32l4xx_it.o
                0x0000000008000a7c                MemManage_Handler
 .text.BusFault_Handler
                0x0000000008000a82        0x6 Core/Src/stm32l4xx_it.o
                0x0000000008000a82                BusFault_Handler
 .text.UsageFault_Handler
                0x0000000008000a88        0x6 Core/Src/stm32l4xx_it.o
                0x0000000008000a88                UsageFault_Handler
 .text.SVC_Handler
                0x0000000008000a8e        0xe Core/Src/stm32l4xx_it.o
                0x0000000008000a8e                SVC_Handler
 .text.DebugMon_Handler
                0x0000000008000a9c        0xe Core/Src/stm32l4xx_it.o
                0x0000000008000a9c                DebugMon_Handler
 .text.PendSV_Handler
                0x0000000008000aaa        0xe Core/Src/stm32l4xx_it.o
                0x0000000008000aaa                PendSV_Handler
 .text.SysTick_Handler
                0x0000000008000ab8        0xc Core/Src/stm32l4xx_it.o
                0x0000000008000ab8                SysTick_Handler
 .text.SystemInit
                0x0000000008000ac4       0x64 Core/Src/system_stm32l4xx.o
                0x0000000008000ac4                SystemInit
 .text.Reset_Handler
                0x0000000008000b28       0x50 Core/Startup/startup_stm32l476rgtx.o
                0x0000000008000b28                Reset_Handler
 .text.Default_Handler
                0x0000000008000b78        0x2 Core/Startup/startup_stm32l476rgtx.o
                0x0000000008000b78                RTC_Alarm_IRQHandler
                0x0000000008000b78                EXTI2_IRQHandler
                0x0000000008000b78                TIM8_TRG_COM_IRQHandler
                0x0000000008000b78                TIM8_CC_IRQHandler
                0x0000000008000b78                TIM1_CC_IRQHandler
                0x0000000008000b78                TSC_IRQHandler
                0x0000000008000b78                TAMP_STAMP_IRQHandler
                0x0000000008000b78                EXTI3_IRQHandler
                0x0000000008000b78                LPTIM2_IRQHandler
                0x0000000008000b78                DFSDM1_FLT1_IRQHandler
                0x0000000008000b78                I2C3_ER_IRQHandler
                0x0000000008000b78                DFSDM1_FLT2_IRQHandler
                0x0000000008000b78                EXTI0_IRQHandler
                0x0000000008000b78                I2C2_EV_IRQHandler
                0x0000000008000b78                CAN1_RX0_IRQHandler
                0x0000000008000b78                FPU_IRQHandler
                0x0000000008000b78                TIM1_UP_TIM16_IRQHandler
                0x0000000008000b78                ADC1_2_IRQHandler
                0x0000000008000b78                SPI1_IRQHandler
                0x0000000008000b78                TIM6_DAC_IRQHandler
                0x0000000008000b78                TIM8_UP_IRQHandler
                0x0000000008000b78                DMA2_Channel2_IRQHandler
                0x0000000008000b78                DMA1_Channel4_IRQHandler
                0x0000000008000b78                SAI2_IRQHandler
                0x0000000008000b78                DFSDM1_FLT3_IRQHandler
                0x0000000008000b78                USART3_IRQHandler
                0x0000000008000b78                DMA1_Channel7_IRQHandler
                0x0000000008000b78                CAN1_RX1_IRQHandler
                0x0000000008000b78                LCD_IRQHandler
                0x0000000008000b78                UART5_IRQHandler
                0x0000000008000b78                ADC3_IRQHandler
                0x0000000008000b78                TIM4_IRQHandler
                0x0000000008000b78                DMA2_Channel1_IRQHandler
                0x0000000008000b78                QUADSPI_IRQHandler
                0x0000000008000b78                I2C1_EV_IRQHandler
                0x0000000008000b78                DMA1_Channel6_IRQHandler
                0x0000000008000b78                UART4_IRQHandler
                0x0000000008000b78                DMA2_Channel4_IRQHandler
                0x0000000008000b78                TIM3_IRQHandler
                0x0000000008000b78                RCC_IRQHandler
                0x0000000008000b78                DMA1_Channel1_IRQHandler
                0x0000000008000b78                Default_Handler
                0x0000000008000b78                DMA2_Channel7_IRQHandler
                0x0000000008000b78                EXTI15_10_IRQHandler
                0x0000000008000b78                TIM7_IRQHandler
                0x0000000008000b78                SDMMC1_IRQHandler
                0x0000000008000b78                TIM5_IRQHandler
                0x0000000008000b78                I2C3_EV_IRQHandler
                0x0000000008000b78                EXTI9_5_IRQHandler
                0x0000000008000b78                RTC_WKUP_IRQHandler
                0x0000000008000b78                PVD_PVM_IRQHandler
                0x0000000008000b78                SPI2_IRQHandler
                0x0000000008000b78                CAN1_TX_IRQHandler
                0x0000000008000b78                DMA2_Channel5_IRQHandler
                0x0000000008000b78                DMA1_Channel5_IRQHandler
                0x0000000008000b78                EXTI4_IRQHandler
                0x0000000008000b78                RNG_IRQHandler
                0x0000000008000b78                TIM1_TRG_COM_TIM17_IRQHandler
                0x0000000008000b78                DMA1_Channel3_IRQHandler
                0x0000000008000b78                COMP_IRQHandler
                0x0000000008000b78                WWDG_IRQHandler
                0x0000000008000b78                LPUART1_IRQHandler
                0x0000000008000b78                DMA2_Channel6_IRQHandler
                0x0000000008000b78                TIM2_IRQHandler
                0x0000000008000b78                EXTI1_IRQHandler
                0x0000000008000b78                USART2_IRQHandler
                0x0000000008000b78                DFSDM1_FLT0_IRQHandler
                0x0000000008000b78                I2C2_ER_IRQHandler
                0x0000000008000b78                DMA1_Channel2_IRQHandler
                0x0000000008000b78                TIM8_BRK_IRQHandler
                0x0000000008000b78                CAN1_SCE_IRQHandler
                0x0000000008000b78                FLASH_IRQHandler
                0x0000000008000b78                USART1_IRQHandler
                0x0000000008000b78                OTG_FS_IRQHandler
                0x0000000008000b78                SPI3_IRQHandler
                0x0000000008000b78                I2C1_ER_IRQHandler
                0x0000000008000b78                FMC_IRQHandler
                0x0000000008000b78                SWPMI1_IRQHandler
                0x0000000008000b78                LPTIM1_IRQHandler
                0x0000000008000b78                SAI1_IRQHandler
                0x0000000008000b78                DMA2_Channel3_IRQHandler
                0x0000000008000b78                TIM1_BRK_TIM15_IRQHandler
 *fill*         0x0000000008000b7a        0x2 
 .text.HAL_Init
                0x0000000008000b7c       0x40 Drivers/STM32L4xx_HAL_Driver/Src/stm32l4xx_hal.o
                0x0000000008000b7c                HAL_Init
 .text.HAL_InitTick
                0x0000000008000bbc       0x78 Drivers/STM32L4xx_HAL_Driver/Src/stm32l4xx_hal.o
                0x0000000008000bbc                HAL_InitTick
 .text.HAL_IncTick
                0x0000000008000c34       0x28 Drivers/STM32L4xx_HAL_Driver/Src/stm32l4xx_hal.o
                0x0000000008000c34                HAL_IncTick
 .text.HAL_GetTick
                0x0000000008000c5c       0x18 Drivers/STM32L4xx_HAL_Driver/Src/stm32l4xx_hal.o
                0x0000000008000c5c                HAL_GetTick
 .text.HAL_Delay
                0x0000000008000c74       0x48 Drivers/STM32L4xx_HAL_Driver/Src/stm32l4xx_hal.o
                0x0000000008000c74                HAL_Delay
 .text.__NVIC_SetPriorityGrouping
                0x0000000008000cbc       0x48 Drivers/STM32L4xx_HAL_Driver/Src/stm32l4xx_hal_cortex.o
 .text.__NVIC_GetPriorityGrouping
                0x0000000008000d04       0x1c Drivers/STM32L4xx_HAL_Driver/Src/stm32l4xx_hal_cortex.o
 .text.__NVIC_SetPriority
                0x0000000008000d20       0x54 Drivers/STM32L4xx_HAL_Driver/Src/stm32l4xx_hal_cortex.o
 .text.NVIC_EncodePriority
                0x0000000008000d74       0x66 Drivers/STM32L4xx_HAL_Driver/Src/stm32l4xx_hal_cortex.o
 *fill*         0x0000000008000dda        0x2 
 .text.SysTick_Config
                0x0000000008000ddc       0x44 Drivers/STM32L4xx_HAL_Driver/Src/stm32l4xx_hal_cortex.o
 .text.HAL_NVIC_SetPriorityGrouping
                0x0000000008000e20       0x16 Drivers/STM32L4xx_HAL_Driver/Src/stm32l4xx_hal_cortex.o
                0x0000000008000e20                HAL_NVIC_SetPriorityGrouping
 .text.HAL_NVIC_SetPriority
                0x0000000008000e36       0x38 Drivers/STM32L4xx_HAL_Driver/Src/stm32l4xx_hal_cortex.o
                0x0000000008000e36                HAL_NVIC_SetPriority
 .text.HAL_SYSTICK_Config
                0x0000000008000e6e       0x18 Drivers/STM32L4xx_HAL_Driver/Src/stm32l4xx_hal_cortex.o
                0x0000000008000e6e                HAL_SYSTICK_Config
 *fill*         0x0000000008000e86        0x2 
 .text.HAL_GPIO_Init
                0x0000000008000e88      0x354 Drivers/STM32L4xx_HAL_Driver/Src/stm32l4xx_hal_gpio.o
                0x0000000008000e88                HAL_GPIO_Init
 .text.HAL_GPIO_WritePin
                0x00000000080011dc       0x30 Drivers/STM32L4xx_HAL_Driver/Src/stm32l4xx_hal_gpio.o
                0x00000000080011dc                HAL_GPIO_WritePin
 .text.HAL_GPIO_TogglePin
                0x000000000800120c       0x34 Drivers/STM32L4xx_HAL_Driver/Src/stm32l4xx_hal_gpio.o
                0x000000000800120c                HAL_GPIO_TogglePin
 .text.HAL_PWREx_GetVoltageRange
                0x0000000008001240       0x1c Drivers/STM32L4xx_HAL_Driver/Src/stm32l4xx_hal_pwr_ex.o
                0x0000000008001240                HAL_PWREx_GetVoltageRange
 .text.HAL_PWREx_ControlVoltageScaling
                0x000000000800125c       0xac Drivers/STM32L4xx_HAL_Driver/Src/stm32l4xx_hal_pwr_ex.o
                0x000000000800125c                HAL_PWREx_ControlVoltageScaling
 .text.HAL_RCC_OscConfig
                0x0000000008001308      0x7cc Drivers/STM32L4xx_HAL_Driver/Src/stm32l4xx_hal_rcc.o
                0x0000000008001308                HAL_RCC_OscConfig
 .text.HAL_RCC_ClockConfig
                0x0000000008001ad4      0x1c4 Drivers/STM32L4xx_HAL_Driver/Src/stm32l4xx_hal_rcc.o
                0x0000000008001ad4                HAL_RCC_ClockConfig
 .text.HAL_RCC_GetSysClockFreq
                0x0000000008001c98      0x118 Drivers/STM32L4xx_HAL_Driver/Src/stm32l4xx_hal_rcc.o
                0x0000000008001c98                HAL_RCC_GetSysClockFreq
 .text.HAL_RCC_GetHCLKFreq
                0x0000000008001db0       0x18 Drivers/STM32L4xx_HAL_Driver/Src/stm32l4xx_hal_rcc.o
                0x0000000008001db0                HAL_RCC_GetHCLKFreq
 .text.HAL_RCC_GetPCLK1Freq
                0x0000000008001dc8       0x2c Drivers/STM32L4xx_HAL_Driver/Src/stm32l4xx_hal_rcc.o
                0x0000000008001dc8                HAL_RCC_GetPCLK1Freq
 .text.HAL_RCC_GetPCLK2Freq
                0x0000000008001df4       0x2c Drivers/STM32L4xx_HAL_Driver/Src/stm32l4xx_hal_rcc.o
                0x0000000008001df4                HAL_RCC_GetPCLK2Freq
 .text.RCC_SetFlashLatencyFromMSIRange
                0x0000000008001e20       0xc0 Drivers/STM32L4xx_HAL_Driver/Src/stm32l4xx_hal_rcc.o
 .text.HAL_RCCEx_PeriphCLKConfig
                0x0000000008001ee0      0x5d4 Drivers/STM32L4xx_HAL_Driver/Src/stm32l4xx_hal_rcc_ex.o
                0x0000000008001ee0                HAL_RCCEx_PeriphCLKConfig
 .text.RCCEx_PLLSAI1_Config
                0x00000000080024b4      0x1e8 Drivers/STM32L4xx_HAL_Driver/Src/stm32l4xx_hal_rcc_ex.o
 .text.RCCEx_PLLSAI2_Config
                0x000000000800269c      0x1bc Drivers/STM32L4xx_HAL_Driver/Src/stm32l4xx_hal_rcc_ex.o
 .text.HAL_SPI_Init
                0x0000000008002858      0x146 Drivers/STM32L4xx_HAL_Driver/Src/stm32l4xx_hal_spi.o
                0x0000000008002858                HAL_SPI_Init
 .text.HAL_SPI_Transmit
                0x000000000800299e      0x2dc Drivers/STM32L4xx_HAL_Driver/Src/stm32l4xx_hal_spi.o
                0x000000000800299e                HAL_SPI_Transmit
 *fill*         0x0000000008002c7a        0x2 
 .text.SPI_WaitFlagStateUntilTimeout
                0x0000000008002c7c      0x110 Drivers/STM32L4xx_HAL_Driver/Src/stm32l4xx_hal_spi.o
 .text.SPI_WaitFifoStateUntilTimeout
                0x0000000008002d8c      0x124 Drivers/STM32L4xx_HAL_Driver/Src/stm32l4xx_hal_spi.o
 .text.SPI_EndRxTxTransaction
                0x0000000008002eb0       0x8c Drivers/STM32L4xx_HAL_Driver/Src/stm32l4xx_hal_spi.o
 .text.HAL_UART_Init
                0x0000000008002f3c       0x9c Drivers/STM32L4xx_HAL_Driver/Src/stm32l4xx_hal_uart.o
                0x0000000008002f3c                HAL_UART_Init
 .text.HAL_UART_Transmit
                0x0000000008002fd8      0x128 Drivers/STM32L4xx_HAL_Driver/Src/stm32l4xx_hal_uart.o
                0x0000000008002fd8                HAL_UART_Transmit
 .text.UART_SetConfig
                0x0000000008003100      0x514 Drivers/STM32L4xx_HAL_Driver/Src/stm32l4xx_hal_uart.o
                0x0000000008003100                UART_SetConfig
 .text.UART_AdvFeatureConfig
                0x0000000008003614      0x144 Drivers/STM32L4xx_HAL_Driver/Src/stm32l4xx_hal_uart.o
                0x0000000008003614                UART_AdvFeatureConfig
 .text.UART_CheckIdleState
                0x0000000008003758       0x92 Drivers/STM32L4xx_HAL_Driver/Src/stm32l4xx_hal_uart.o
                0x0000000008003758                UART_CheckIdleState
 .text.UART_WaitOnFlagUntilTimeout
                0x00000000080037ea       0xf8 Drivers/STM32L4xx_HAL_Driver/Src/stm32l4xx_hal_uart.o
                0x00000000080037ea                UART_WaitOnFlagUntilTimeout
 *fill*         0x00000000080038e2        0x2 
 .text.__libc_init_array
                0x00000000080038e4       0x48 /opt/st/stm32cubeide_1.6.1/plugins/com.st.stm32cube.ide.mcu.externaltools.gnu-tools-for-stm32.9-2020-q2-update.linux64_1.5.0.202011040924/tools/bin/../lib/gcc/arm-none-eabi/9.3.1/../../../../arm-none-eabi/lib/thumb/v7e-m+fp/hard/libc_nano.a(lib_a-init.o)
                0x00000000080038e4                __libc_init_array
 .text.memset   0x000000000800392c       0x10 /opt/st/stm32cubeide_1.6.1/plugins/com.st.stm32cube.ide.mcu.externaltools.gnu-tools-for-stm32.9-2020-q2-update.linux64_1.5.0.202011040924/tools/bin/../lib/gcc/arm-none-eabi/9.3.1/../../../../arm-none-eabi/lib/thumb/v7e-m+fp/hard/libc_nano.a(lib_a-memset.o)
                0x000000000800392c                memset
 *(.glue_7)
 .glue_7        0x000000000800393c        0x0 linker stubs
 *(.glue_7t)
 .glue_7t       0x000000000800393c        0x0 linker stubs
 *(.eh_frame)
 .eh_frame      0x000000000800393c        0x0 /opt/st/stm32cubeide_1.6.1/plugins/com.st.stm32cube.ide.mcu.externaltools.gnu-tools-for-stm32.9-2020-q2-update.linux64_1.5.0.202011040924/tools/bin/../lib/gcc/arm-none-eabi/9.3.1/thumb/v7e-m+fp/hard/crtbegin.o
 *(.init)
 .init          0x000000000800393c        0x4 /opt/st/stm32cubeide_1.6.1/plugins/com.st.stm32cube.ide.mcu.externaltools.gnu-tools-for-stm32.9-2020-q2-update.linux64_1.5.0.202011040924/tools/bin/../lib/gcc/arm-none-eabi/9.3.1/thumb/v7e-m+fp/hard/crti.o
                0x000000000800393c                _init
 .init          0x0000000008003940        0x8 /opt/st/stm32cubeide_1.6.1/plugins/com.st.stm32cube.ide.mcu.externaltools.gnu-tools-for-stm32.9-2020-q2-update.linux64_1.5.0.202011040924/tools/bin/../lib/gcc/arm-none-eabi/9.3.1/thumb/v7e-m+fp/hard/crtn.o
 *(.fini)
 .fini          0x0000000008003948        0x4 /opt/st/stm32cubeide_1.6.1/plugins/com.st.stm32cube.ide.mcu.externaltools.gnu-tools-for-stm32.9-2020-q2-update.linux64_1.5.0.202011040924/tools/bin/../lib/gcc/arm-none-eabi/9.3.1/thumb/v7e-m+fp/hard/crti.o
                0x0000000008003948                _fini
 .fini          0x000000000800394c        0x8 /opt/st/stm32cubeide_1.6.1/plugins/com.st.stm32cube.ide.mcu.externaltools.gnu-tools-for-stm32.9-2020-q2-update.linux64_1.5.0.202011040924/tools/bin/../lib/gcc/arm-none-eabi/9.3.1/thumb/v7e-m+fp/hard/crtn.o
                0x0000000008003954                . = ALIGN (0x4)
                0x0000000008003954                _etext = .

.vfp11_veneer   0x0000000008003954        0x0
 .vfp11_veneer  0x0000000008003954        0x0 linker stubs

.v4_bx          0x0000000008003954        0x0
 .v4_bx         0x0000000008003954        0x0 linker stubs

.iplt           0x0000000008003954        0x0
 .iplt          0x0000000008003954        0x0 /opt/st/stm32cubeide_1.6.1/plugins/com.st.stm32cube.ide.mcu.externaltools.gnu-tools-for-stm32.9-2020-q2-update.linux64_1.5.0.202011040924/tools/bin/../lib/gcc/arm-none-eabi/9.3.1/thumb/v7e-m+fp/hard/crtbegin.o

.rodata         0x0000000008003954       0x68
                0x0000000008003954                . = ALIGN (0x4)
 *(.rodata)
 .rodata        0x0000000008003954       0x1e Core/Src/main.o
 *(.rodata*)
 *fill*         0x0000000008003972        0x2 
 .rodata.AHBPrescTable
                0x0000000008003974       0x10 Core/Src/system_stm32l4xx.o
                0x0000000008003974                AHBPrescTable
 .rodata.APBPrescTable
                0x0000000008003984        0x8 Core/Src/system_stm32l4xx.o
                0x0000000008003984                APBPrescTable
 .rodata.MSIRangeTable
                0x000000000800398c       0x30 Core/Src/system_stm32l4xx.o
                0x000000000800398c                MSIRangeTable
                0x00000000080039bc                . = ALIGN (0x4)

.ARM.extab      0x00000000080039bc        0x0
                0x00000000080039bc                . = ALIGN (0x4)
 *(.ARM.extab* .gnu.linkonce.armextab.*)
                0x00000000080039bc                . = ALIGN (0x4)

.ARM            0x00000000080039bc        0x8
                0x00000000080039bc                . = ALIGN (0x4)
                0x00000000080039bc                __exidx_start = .
 *(.ARM.exidx*)
 .ARM.exidx     0x00000000080039bc        0x8 /opt/st/stm32cubeide_1.6.1/plugins/com.st.stm32cube.ide.mcu.externaltools.gnu-tools-for-stm32.9-2020-q2-update.linux64_1.5.0.202011040924/tools/bin/../lib/gcc/arm-none-eabi/9.3.1/thumb/v7e-m+fp/hard/libgcc.a(_udivmoddi4.o)
                0x00000000080039c4                __exidx_end = .
                0x00000000080039c4                . = ALIGN (0x4)

.rel.dyn        0x00000000080039c4        0x0
 .rel.iplt      0x00000000080039c4        0x0 /opt/st/stm32cubeide_1.6.1/plugins/com.st.stm32cube.ide.mcu.externaltools.gnu-tools-for-stm32.9-2020-q2-update.linux64_1.5.0.202011040924/tools/bin/../lib/gcc/arm-none-eabi/9.3.1/thumb/v7e-m+fp/hard/crtbegin.o

.preinit_array  0x00000000080039c4        0x0
                0x00000000080039c4                . = ALIGN (0x4)
                0x00000000080039c4                PROVIDE (__preinit_array_start = .)
 *(.preinit_array*)
                0x00000000080039c4                PROVIDE (__preinit_array_end = .)
                0x00000000080039c4                . = ALIGN (0x4)

.init_array     0x00000000080039c4        0x4
                0x00000000080039c4                . = ALIGN (0x4)
                0x00000000080039c4                PROVIDE (__init_array_start = .)
 *(SORT_BY_NAME(.init_array.*))
 *(.init_array*)
 .init_array    0x00000000080039c4        0x4 /opt/st/stm32cubeide_1.6.1/plugins/com.st.stm32cube.ide.mcu.externaltools.gnu-tools-for-stm32.9-2020-q2-update.linux64_1.5.0.202011040924/tools/bin/../lib/gcc/arm-none-eabi/9.3.1/thumb/v7e-m+fp/hard/crtbegin.o
                0x00000000080039c8                PROVIDE (__init_array_end = .)
                0x00000000080039c8                . = ALIGN (0x4)

.fini_array     0x00000000080039c8        0x4
                0x00000000080039c8                . = ALIGN (0x4)
                [!provide]                        PROVIDE (__fini_array_start = .)
 *(SORT_BY_NAME(.fini_array.*))
 *(.fini_array*)
 .fini_array    0x00000000080039c8        0x4 /opt/st/stm32cubeide_1.6.1/plugins/com.st.stm32cube.ide.mcu.externaltools.gnu-tools-for-stm32.9-2020-q2-update.linux64_1.5.0.202011040924/tools/bin/../lib/gcc/arm-none-eabi/9.3.1/thumb/v7e-m+fp/hard/crtbegin.o
                [!provide]                        PROVIDE (__fini_array_end = .)
                0x00000000080039cc                . = ALIGN (0x4)
                0x00000000080039cc                _sidata = LOADADDR (.data)

.data           0x0000000020000000        0xc load address 0x00000000080039cc
                0x0000000020000000                . = ALIGN (0x4)
                0x0000000020000000                _sdata = .
 *(.data)
 *(.data*)
 .data.SystemCoreClock
                0x0000000020000000        0x4 Core/Src/system_stm32l4xx.o
                0x0000000020000000                SystemCoreClock
 .data.uwTickPrio
                0x0000000020000004        0x4 Drivers/STM32L4xx_HAL_Driver/Src/stm32l4xx_hal.o
                0x0000000020000004                uwTickPrio
 .data.uwTickFreq
                0x0000000020000008        0x1 Drivers/STM32L4xx_HAL_Driver/Src/stm32l4xx_hal.o
                0x0000000020000008                uwTickFreq
 *(.RamFunc)
 *(.RamFunc*)
                0x000000002000000c                . = ALIGN (0x4)
 *fill*         0x0000000020000009        0x3 
                0x000000002000000c                _edata = .

.igot.plt       0x000000002000000c        0x0 load address 0x00000000080039d8
 .igot.plt      0x000000002000000c        0x0 /opt/st/stm32cubeide_1.6.1/plugins/com.st.stm32cube.ide.mcu.externaltools.gnu-tools-for-stm32.9-2020-q2-update.linux64_1.5.0.202011040924/tools/bin/../lib/gcc/arm-none-eabi/9.3.1/thumb/v7e-m+fp/hard/crtbegin.o
                0x000000002000000c                . = ALIGN (0x4)

.bss            0x000000002000000c      0x18c load address 0x00000000080039d8
                0x000000002000000c                _sbss = .
                0x000000002000000c                __bss_start__ = _sbss
 *(.bss)
 .bss           0x000000002000000c       0x1c /opt/st/stm32cubeide_1.6.1/plugins/com.st.stm32cube.ide.mcu.externaltools.gnu-tools-for-stm32.9-2020-q2-update.linux64_1.5.0.202011040924/tools/bin/../lib/gcc/arm-none-eabi/9.3.1/thumb/v7e-m+fp/hard/crtbegin.o
 *(.bss*)
 *(COMMON)
 COMMON         0x0000000020000028      0x16c Core/Src/main.o
                0x0000000020000028                huart3
                0x00000000200000ac                hspi1
                0x0000000020000110                huart2
 COMMON         0x0000000020000194        0x4 Drivers/STM32L4xx_HAL_Driver/Src/stm32l4xx_hal.o
                0x0000000020000194                uwTick
                0x0000000020000198                . = ALIGN (0x4)
                0x0000000020000198                _ebss = .
                0x0000000020000198                __bss_end__ = _ebss

._user_heap_stack
                0x0000000020000198      0x600 load address 0x00000000080039d8
                0x0000000020000198                . = ALIGN (0x8)
                [!provide]                        PROVIDE (end = .)
                0x0000000020000198                PROVIDE (_end = .)
                0x0000000020000398                . = (. + _Min_Heap_Size)
 *fill*         0x0000000020000198      0x200 
                0x0000000020000798                . = (. + _Min_Stack_Size)
 *fill*         0x0000000020000398      0x400 
                0x0000000020000798                . = ALIGN (0x8)

/DISCARD/
 libc.a(*)
 libm.a(*)
 libgcc.a(*)

.ARM.attributes
                0x0000000000000000       0x30
 *(.ARM.attributes)
 .ARM.attributes
                0x0000000000000000       0x1e /opt/st/stm32cubeide_1.6.1/plugins/com.st.stm32cube.ide.mcu.externaltools.gnu-tools-for-stm32.9-2020-q2-update.linux64_1.5.0.202011040924/tools/bin/../lib/gcc/arm-none-eabi/9.3.1/thumb/v7e-m+fp/hard/crti.o
 .ARM.attributes
                0x000000000000001e       0x34 /opt/st/stm32cubeide_1.6.1/plugins/com.st.stm32cube.ide.mcu.externaltools.gnu-tools-for-stm32.9-2020-q2-update.linux64_1.5.0.202011040924/tools/bin/../lib/gcc/arm-none-eabi/9.3.1/thumb/v7e-m+fp/hard/crtbegin.o
 .ARM.attributes
                0x0000000000000052       0x34 Core/Src/main.o
 .ARM.attributes
                0x0000000000000086       0x34 Core/Src/stm32l4xx_hal_msp.o
 .ARM.attributes
                0x00000000000000ba       0x34 Core/Src/stm32l4xx_it.o
 .ARM.attributes
                0x00000000000000ee       0x34 Core/Src/system_stm32l4xx.o
 .ARM.attributes
                0x0000000000000122       0x21 Core/Startup/startup_stm32l476rgtx.o
 .ARM.attributes
                0x0000000000000143       0x34 Drivers/STM32L4xx_HAL_Driver/Src/stm32l4xx_hal.o
 .ARM.attributes
                0x0000000000000177       0x34 Drivers/STM32L4xx_HAL_Driver/Src/stm32l4xx_hal_cortex.o
 .ARM.attributes
                0x00000000000001ab       0x34 Drivers/STM32L4xx_HAL_Driver/Src/stm32l4xx_hal_gpio.o
 .ARM.attributes
                0x00000000000001df       0x34 Drivers/STM32L4xx_HAL_Driver/Src/stm32l4xx_hal_pwr_ex.o
 .ARM.attributes
                0x0000000000000213       0x34 Drivers/STM32L4xx_HAL_Driver/Src/stm32l4xx_hal_rcc.o
 .ARM.attributes
                0x0000000000000247       0x34 Drivers/STM32L4xx_HAL_Driver/Src/stm32l4xx_hal_rcc_ex.o
 .ARM.attributes
                0x000000000000027b       0x34 Drivers/STM32L4xx_HAL_Driver/Src/stm32l4xx_hal_spi.o
 .ARM.attributes
                0x00000000000002af       0x34 Drivers/STM32L4xx_HAL_Driver/Src/stm32l4xx_hal_uart.o
 .ARM.attributes
                0x00000000000002e3       0x34 /opt/st/stm32cubeide_1.6.1/plugins/com.st.stm32cube.ide.mcu.externaltools.gnu-tools-for-stm32.9-2020-q2-update.linux64_1.5.0.202011040924/tools/bin/../lib/gcc/arm-none-eabi/9.3.1/../../../../arm-none-eabi/lib/thumb/v7e-m+fp/hard/libc_nano.a(lib_a-init.o)
 .ARM.attributes
                0x0000000000000317       0x34 /opt/st/stm32cubeide_1.6.1/plugins/com.st.stm32cube.ide.mcu.externaltools.gnu-tools-for-stm32.9-2020-q2-update.linux64_1.5.0.202011040924/tools/bin/../lib/gcc/arm-none-eabi/9.3.1/../../../../arm-none-eabi/lib/thumb/v7e-m+fp/hard/libc_nano.a(lib_a-memset.o)
 .ARM.attributes
                0x000000000000034b       0x17 /opt/st/stm32cubeide_1.6.1/plugins/com.st.stm32cube.ide.mcu.externaltools.gnu-tools-for-stm32.9-2020-q2-update.linux64_1.5.0.202011040924/tools/bin/../lib/gcc/arm-none-eabi/9.3.1/../../../../arm-none-eabi/lib/thumb/v7e-m+fp/hard/libc_nano.a(lib_a-strlen.o)
 .ARM.attributes
                0x0000000000000362       0x1e /opt/st/stm32cubeide_1.6.1/plugins/com.st.stm32cube.ide.mcu.externaltools.gnu-tools-for-stm32.9-2020-q2-update.linux64_1.5.0.202011040924/tools/bin/../lib/gcc/arm-none-eabi/9.3.1/thumb/v7e-m+fp/hard/libgcc.a(_aeabi_uldivmod.o)
 .ARM.attributes
                0x0000000000000380       0x34 /opt/st/stm32cubeide_1.6.1/plugins/com.st.stm32cube.ide.mcu.externaltools.gnu-tools-for-stm32.9-2020-q2-update.linux64_1.5.0.202011040924/tools/bin/../lib/gcc/arm-none-eabi/9.3.1/thumb/v7e-m+fp/hard/libgcc.a(_udivmoddi4.o)
 .ARM.attributes
                0x00000000000003b4       0x1e /opt/st/stm32cubeide_1.6.1/plugins/com.st.stm32cube.ide.mcu.externaltools.gnu-tools-for-stm32.9-2020-q2-update.linux64_1.5.0.202011040924/tools/bin/../lib/gcc/arm-none-eabi/9.3.1/thumb/v7e-m+fp/hard/libgcc.a(_dvmd_tls.o)
 .ARM.attributes
                0x00000000000003d2       0x1e /opt/st/stm32cubeide_1.6.1/plugins/com.st.stm32cube.ide.mcu.externaltools.gnu-tools-for-stm32.9-2020-q2-update.linux64_1.5.0.202011040924/tools/bin/../lib/gcc/arm-none-eabi/9.3.1/thumb/v7e-m+fp/hard/crtn.o
OUTPUT(nucleo_l476r.elf elf32-littlearm)
LOAD linker stubs
LOAD /opt/st/stm32cubeide_1.6.1/plugins/com.st.stm32cube.ide.mcu.externaltools.gnu-tools-for-stm32.9-2020-q2-update.linux64_1.5.0.202011040924/tools/bin/../lib/gcc/arm-none-eabi/9.3.1/../../../../arm-none-eabi/lib/thumb/v7e-m+fp/hard/libc.a
LOAD /opt/st/stm32cubeide_1.6.1/plugins/com.st.stm32cube.ide.mcu.externaltools.gnu-tools-for-stm32.9-2020-q2-update.linux64_1.5.0.202011040924/tools/bin/../lib/gcc/arm-none-eabi/9.3.1/../../../../arm-none-eabi/lib/thumb/v7e-m+fp/hard/libm.a
LOAD /opt/st/stm32cubeide_1.6.1/plugins/com.st.stm32cube.ide.mcu.externaltools.gnu-tools-for-stm32.9-2020-q2-update.linux64_1.5.0.202011040924/tools/bin/../lib/gcc/arm-none-eabi/9.3.1/thumb/v7e-m+fp/hard/libgcc.a

.debug_info     0x0000000000000000     0xbdc4
 .debug_info    0x0000000000000000     0x1c85 Core/Src/main.o
 .debug_info    0x0000000000001c85      0xfea Core/Src/stm32l4xx_hal_msp.o
 .debug_info    0x0000000000002c6f      0x373 Core/Src/stm32l4xx_it.o
 .debug_info    0x0000000000002fe2      0x779 Core/Src/system_stm32l4xx.o
 .debug_info    0x000000000000375b       0x22 Core/Startup/startup_stm32l476rgtx.o
 .debug_info    0x000000000000377d      0xddb Drivers/STM32L4xx_HAL_Driver/Src/stm32l4xx_hal.o
 .debug_info    0x0000000000004558     0x102e Drivers/STM32L4xx_HAL_Driver/Src/stm32l4xx_hal_cortex.o
 .debug_info    0x0000000000005586      0xa5f Drivers/STM32L4xx_HAL_Driver/Src/stm32l4xx_hal_gpio.o
 .debug_info    0x0000000000005fe5      0xbda Drivers/STM32L4xx_HAL_Driver/Src/stm32l4xx_hal_pwr_ex.o
 .debug_info    0x0000000000006bbf      0xe0b Drivers/STM32L4xx_HAL_Driver/Src/stm32l4xx_hal_rcc.o
 .debug_info    0x00000000000079ca     0x103f Drivers/STM32L4xx_HAL_Driver/Src/stm32l4xx_hal_rcc_ex.o
 .debug_info    0x0000000000008a09     0x18f8 Drivers/STM32L4xx_HAL_Driver/Src/stm32l4xx_hal_spi.o
 .debug_info    0x000000000000a301     0x1ac3 Drivers/STM32L4xx_HAL_Driver/Src/stm32l4xx_hal_uart.o

.debug_abbrev   0x0000000000000000     0x198b
 .debug_abbrev  0x0000000000000000      0x2c8 Core/Src/main.o
 .debug_abbrev  0x00000000000002c8      0x1ac Core/Src/stm32l4xx_hal_msp.o
 .debug_abbrev  0x0000000000000474       0xf2 Core/Src/stm32l4xx_it.o
 .debug_abbrev  0x0000000000000566      0x165 Core/Src/system_stm32l4xx.o
 .debug_abbrev  0x00000000000006cb       0x12 Core/Startup/startup_stm32l476rgtx.o
 .debug_abbrev  0x00000000000006dd      0x227 Drivers/STM32L4xx_HAL_Driver/Src/stm32l4xx_hal.o
 .debug_abbrev  0x0000000000000904      0x33c Drivers/STM32L4xx_HAL_Driver/Src/stm32l4xx_hal_cortex.o
 .debug_abbrev  0x0000000000000c40      0x1e8 Drivers/STM32L4xx_HAL_Driver/Src/stm32l4xx_hal_gpio.o
 .debug_abbrev  0x0000000000000e28      0x1f3 Drivers/STM32L4xx_HAL_Driver/Src/stm32l4xx_hal_pwr_ex.o
 .debug_abbrev  0x000000000000101b      0x275 Drivers/STM32L4xx_HAL_Driver/Src/stm32l4xx_hal_rcc.o
 .debug_abbrev  0x0000000000001290      0x268 Drivers/STM32L4xx_HAL_Driver/Src/stm32l4xx_hal_rcc_ex.o
 .debug_abbrev  0x00000000000014f8      0x254 Drivers/STM32L4xx_HAL_Driver/Src/stm32l4xx_hal_spi.o
 .debug_abbrev  0x000000000000174c      0x23f Drivers/STM32L4xx_HAL_Driver/Src/stm32l4xx_hal_uart.o

.debug_aranges  0x0000000000000000      0xa78
 .debug_aranges
                0x0000000000000000       0x50 Core/Src/main.o
 .debug_aranges
                0x0000000000000050       0x40 Core/Src/stm32l4xx_hal_msp.o
 .debug_aranges
                0x0000000000000090       0x60 Core/Src/stm32l4xx_it.o
 .debug_aranges
                0x00000000000000f0       0x28 Core/Src/system_stm32l4xx.o
 .debug_aranges
                0x0000000000000118       0x28 Core/Startup/startup_stm32l476rgtx.o
 .debug_aranges
                0x0000000000000140      0x130 Drivers/STM32L4xx_HAL_Driver/Src/stm32l4xx_hal.o
 .debug_aranges
                0x0000000000000270      0x118 Drivers/STM32L4xx_HAL_Driver/Src/stm32l4xx_hal_cortex.o
 .debug_aranges
                0x0000000000000388       0x58 Drivers/STM32L4xx_HAL_Driver/Src/stm32l4xx_hal_gpio.o
 .debug_aranges
                0x00000000000003e0      0x150 Drivers/STM32L4xx_HAL_Driver/Src/stm32l4xx_hal_pwr_ex.o
 .debug_aranges
                0x0000000000000530       0x88 Drivers/STM32L4xx_HAL_Driver/Src/stm32l4xx_hal_rcc.o
 .debug_aranges
                0x00000000000005b8       0xc0 Drivers/STM32L4xx_HAL_Driver/Src/stm32l4xx_hal_rcc_ex.o
 .debug_aranges
                0x0000000000000678      0x1d8 Drivers/STM32L4xx_HAL_Driver/Src/stm32l4xx_hal_spi.o
 .debug_aranges
                0x0000000000000850      0x228 Drivers/STM32L4xx_HAL_Driver/Src/stm32l4xx_hal_uart.o

.debug_ranges   0x0000000000000000      0x9e0
 .debug_ranges  0x0000000000000000       0x40 Core/Src/main.o
 .debug_ranges  0x0000000000000040       0x30 Core/Src/stm32l4xx_hal_msp.o
 .debug_ranges  0x0000000000000070       0x50 Core/Src/stm32l4xx_it.o
 .debug_ranges  0x00000000000000c0       0x18 Core/Src/system_stm32l4xx.o
 .debug_ranges  0x00000000000000d8       0x20 Core/Startup/startup_stm32l476rgtx.o
 .debug_ranges  0x00000000000000f8      0x120 Drivers/STM32L4xx_HAL_Driver/Src/stm32l4xx_hal.o
 .debug_ranges  0x0000000000000218      0x108 Drivers/STM32L4xx_HAL_Driver/Src/stm32l4xx_hal_cortex.o
 .debug_ranges  0x0000000000000320       0x48 Drivers/STM32L4xx_HAL_Driver/Src/stm32l4xx_hal_gpio.o
 .debug_ranges  0x0000000000000368      0x140 Drivers/STM32L4xx_HAL_Driver/Src/stm32l4xx_hal_pwr_ex.o
 .debug_ranges  0x00000000000004a8       0x78 Drivers/STM32L4xx_HAL_Driver/Src/stm32l4xx_hal_rcc.o
 .debug_ranges  0x0000000000000520       0xb0 Drivers/STM32L4xx_HAL_Driver/Src/stm32l4xx_hal_rcc_ex.o
 .debug_ranges  0x00000000000005d0      0x1c8 Drivers/STM32L4xx_HAL_Driver/Src/stm32l4xx_hal_spi.o
 .debug_ranges  0x0000000000000798      0x248 Drivers/STM32L4xx_HAL_Driver/Src/stm32l4xx_hal_uart.o

.debug_macro    0x0000000000000000    0x25ef1
 .debug_macro   0x0000000000000000      0x2b1 Core/Src/main.o
 .debug_macro   0x00000000000002b1      0xaa8 Core/Src/main.o
 .debug_macro   0x0000000000000d59       0x22 Core/Src/main.o
 .debug_macro   0x0000000000000d7b       0x4c Core/Src/main.o
 .debug_macro   0x0000000000000dc7       0x18 Core/Src/main.o
 .debug_macro   0x0000000000000ddf       0x94 Core/Src/main.o
 .debug_macro   0x0000000000000e73       0x3c Core/Src/main.o
 .debug_macro   0x0000000000000eaf       0x34 Core/Src/main.o
 .debug_macro   0x0000000000000ee3      0x174 Core/Src/main.o
 .debug_macro   0x0000000000001057       0x16 Core/Src/main.o
 .debug_macro   0x000000000000106d       0x43 Core/Src/main.o
 .debug_macro   0x00000000000010b0       0x57 Core/Src/main.o
 .debug_macro   0x0000000000001107       0x34 Core/Src/main.o
 .debug_macro   0x000000000000113b       0x10 Core/Src/main.o
 .debug_macro   0x000000000000114b       0x58 Core/Src/main.o
 .debug_macro   0x00000000000011a3       0x71 Core/Src/main.o
 .debug_macro   0x0000000000001214       0x1c Core/Src/main.o
 .debug_macro   0x0000000000001230      0x12a Core/Src/main.o
 .debug_macro   0x000000000000135a      0x339 Core/Src/main.o
 .debug_macro   0x0000000000001693       0x10 Core/Src/main.o
 .debug_macro   0x00000000000016a3       0x35 Core/Src/main.o
 .debug_macro   0x00000000000016d8       0x20 Core/Src/main.o
 .debug_macro   0x00000000000016f8      0x1ad Core/Src/main.o
 .debug_macro   0x00000000000018a5       0x2e Core/Src/main.o
 .debug_macro   0x00000000000018d3       0x28 Core/Src/main.o
 .debug_macro   0x00000000000018fb      0x103 Core/Src/main.o
 .debug_macro   0x00000000000019fe       0x6a Core/Src/main.o
 .debug_macro   0x0000000000001a68      0x1df Core/Src/main.o
 .debug_macro   0x0000000000001c47       0x1c Core/Src/main.o
 .debug_macro   0x0000000000001c63       0x22 Core/Src/main.o
 .debug_macro   0x0000000000001c85       0xfb Core/Src/main.o
 .debug_macro   0x0000000000001d80     0x1011 Core/Src/main.o
 .debug_macro   0x0000000000002d91      0x11f Core/Src/main.o
 .debug_macro   0x0000000000002eb0    0x1a13d Core/Src/main.o
 .debug_macro   0x000000000001cfed       0x43 Core/Src/main.o
 .debug_macro   0x000000000001d030     0x3897 Core/Src/main.o
 .debug_macro   0x00000000000208c7       0x56 Core/Src/main.o
 .debug_macro   0x000000000002091d     0x155f Core/Src/main.o
 .debug_macro   0x0000000000021e7c      0x59e Core/Src/main.o
 .debug_macro   0x000000000002241a      0x13d Core/Src/main.o
 .debug_macro   0x0000000000022557      0x18b Core/Src/main.o
 .debug_macro   0x00000000000226e2      0x26b Core/Src/main.o
 .debug_macro   0x000000000002294d      0x23d Core/Src/main.o
 .debug_macro   0x0000000000022b8a      0x241 Core/Src/main.o
 .debug_macro   0x0000000000022dcb      0x37c Core/Src/main.o
 .debug_macro   0x0000000000023147       0xd6 Core/Src/main.o
 .debug_macro   0x000000000002321d      0x22c Core/Src/main.o
 .debug_macro   0x0000000000023449       0x61 Core/Src/main.o
 .debug_macro   0x00000000000234aa       0xa5 Core/Src/main.o
 .debug_macro   0x000000000002354f      0x122 Core/Src/main.o
 .debug_macro   0x0000000000023671      0x3e9 Core/Src/main.o
 .debug_macro   0x0000000000023a5a      0x2fe Core/Src/main.o
 .debug_macro   0x0000000000023d58      0x5ba Core/Src/main.o
 .debug_macro   0x0000000000024312       0x44 Core/Src/main.o
 .debug_macro   0x0000000000024356      0x331 Core/Src/main.o
 .debug_macro   0x0000000000024687       0x4c Core/Src/main.o
 .debug_macro   0x00000000000246d3      0x1e9 Core/Src/stm32l4xx_hal_msp.o
 .debug_macro   0x00000000000248bc       0x8e Core/Src/stm32l4xx_hal_msp.o
 .debug_macro   0x000000000002494a       0x51 Core/Src/stm32l4xx_hal_msp.o
 .debug_macro   0x000000000002499b      0x101 Core/Src/stm32l4xx_hal_msp.o
 .debug_macro   0x0000000000024a9c       0x5c Core/Src/stm32l4xx_hal_msp.o
 .debug_macro   0x0000000000024af8      0x1f3 Core/Src/stm32l4xx_it.o
 .debug_macro   0x0000000000024ceb      0x1da Core/Src/system_stm32l4xx.o
 .debug_macro   0x0000000000024ec5      0x228 Drivers/STM32L4xx_HAL_Driver/Src/stm32l4xx_hal.o
 .debug_macro   0x00000000000250ed      0x1da Drivers/STM32L4xx_HAL_Driver/Src/stm32l4xx_hal_cortex.o
 .debug_macro   0x00000000000252c7      0x219 Drivers/STM32L4xx_HAL_Driver/Src/stm32l4xx_hal_gpio.o
 .debug_macro   0x00000000000254e0      0x1fe Drivers/STM32L4xx_HAL_Driver/Src/stm32l4xx_hal_pwr_ex.o
 .debug_macro   0x00000000000256de      0x21c Drivers/STM32L4xx_HAL_Driver/Src/stm32l4xx_hal_rcc.o
 .debug_macro   0x00000000000258fa      0x210 Drivers/STM32L4xx_HAL_Driver/Src/stm32l4xx_hal_rcc_ex.o
 .debug_macro   0x0000000000025b0a      0x1e2 Drivers/STM32L4xx_HAL_Driver/Src/stm32l4xx_hal_spi.o
 .debug_macro   0x0000000000025cec      0x205 Drivers/STM32L4xx_HAL_Driver/Src/stm32l4xx_hal_uart.o

.debug_line     0x0000000000000000     0xaff3
 .debug_line    0x0000000000000000      0x9fa Core/Src/main.o
 .debug_line    0x00000000000009fa      0x7a1 Core/Src/stm32l4xx_hal_msp.o
 .debug_line    0x000000000000119b      0x797 Core/Src/stm32l4xx_it.o
 .debug_line    0x0000000000001932      0x785 Core/Src/system_stm32l4xx.o
 .debug_line    0x00000000000020b7       0x87 Core/Startup/startup_stm32l476rgtx.o
 .debug_line    0x000000000000213e      0xac5 Drivers/STM32L4xx_HAL_Driver/Src/stm32l4xx_hal.o
 .debug_line    0x0000000000002c03      0xc6b Drivers/STM32L4xx_HAL_Driver/Src/stm32l4xx_hal_cortex.o
 .debug_line    0x000000000000386e      0xb3e Drivers/STM32L4xx_HAL_Driver/Src/stm32l4xx_hal_gpio.o
 .debug_line    0x00000000000043ac      0xc80 Drivers/STM32L4xx_HAL_Driver/Src/stm32l4xx_hal_pwr_ex.o
 .debug_line    0x000000000000502c      0xf08 Drivers/STM32L4xx_HAL_Driver/Src/stm32l4xx_hal_rcc.o
 .debug_line    0x0000000000005f34     0x147d Drivers/STM32L4xx_HAL_Driver/Src/stm32l4xx_hal_rcc_ex.o
 .debug_line    0x00000000000073b1     0x1eed Drivers/STM32L4xx_HAL_Driver/Src/stm32l4xx_hal_spi.o
 .debug_line    0x000000000000929e     0x1d55 Drivers/STM32L4xx_HAL_Driver/Src/stm32l4xx_hal_uart.o

.debug_str      0x0000000000000000    0xea576
 .debug_str     0x0000000000000000    0xe795a Core/Src/main.o
                                      0xe7d4d (size before relaxing)
 .debug_str     0x00000000000e795a       0x92 Core/Src/stm32l4xx_hal_msp.o
                                      0xe46ff (size before relaxing)
 .debug_str     0x00000000000e79ec       0xbd Core/Src/stm32l4xx_it.o
                                      0xe403a (size before relaxing)
 .debug_str     0x00000000000e7aa9       0xb8 Core/Src/system_stm32l4xx.o
                                      0xe4075 (size before relaxing)
 .debug_str     0x00000000000e7b61       0x36 Core/Startup/startup_stm32l476rgtx.o
                                         0x77 (size before relaxing)
 .debug_str     0x00000000000e7b97      0xa5c Drivers/STM32L4xx_HAL_Driver/Src/stm32l4xx_hal.o
                                      0xe4be0 (size before relaxing)
 .debug_str     0x00000000000e85f3      0x389 Drivers/STM32L4xx_HAL_Driver/Src/stm32l4xx_hal_cortex.o
                                      0xe48e4 (size before relaxing)
 .debug_str     0x00000000000e897c      0x236 Drivers/STM32L4xx_HAL_Driver/Src/stm32l4xx_hal_gpio.o
                                      0xe430f (size before relaxing)
 .debug_str     0x00000000000e8bb2      0x4b4 Drivers/STM32L4xx_HAL_Driver/Src/stm32l4xx_hal_pwr_ex.o
                                      0xe45ab (size before relaxing)
 .debug_str     0x00000000000e9066      0x34e Drivers/STM32L4xx_HAL_Driver/Src/stm32l4xx_hal_rcc.o
                                      0xe4652 (size before relaxing)
 .debug_str     0x00000000000e93b4      0x3a6 Drivers/STM32L4xx_HAL_Driver/Src/stm32l4xx_hal_rcc_ex.o
                                      0xe47e3 (size before relaxing)
 .debug_str     0x00000000000e975a      0x591 Drivers/STM32L4xx_HAL_Driver/Src/stm32l4xx_hal_spi.o
                                      0xe4843 (size before relaxing)
 .debug_str     0x00000000000e9ceb      0x88b Drivers/STM32L4xx_HAL_Driver/Src/stm32l4xx_hal_uart.o
                                      0xe4cd4 (size before relaxing)

.comment        0x0000000000000000       0x53
 .comment       0x0000000000000000       0x53 Core/Src/main.o
                                         0x54 (size before relaxing)
 .comment       0x0000000000000053       0x54 Core/Src/stm32l4xx_hal_msp.o
 .comment       0x0000000000000053       0x54 Core/Src/stm32l4xx_it.o
 .comment       0x0000000000000053       0x54 Core/Src/system_stm32l4xx.o
 .comment       0x0000000000000053       0x54 Drivers/STM32L4xx_HAL_Driver/Src/stm32l4xx_hal.o
 .comment       0x0000000000000053       0x54 Drivers/STM32L4xx_HAL_Driver/Src/stm32l4xx_hal_cortex.o
 .comment       0x0000000000000053       0x54 Drivers/STM32L4xx_HAL_Driver/Src/stm32l4xx_hal_gpio.o
 .comment       0x0000000000000053       0x54 Drivers/STM32L4xx_HAL_Driver/Src/stm32l4xx_hal_pwr_ex.o
 .comment       0x0000000000000053       0x54 Drivers/STM32L4xx_HAL_Driver/Src/stm32l4xx_hal_rcc.o
 .comment       0x0000000000000053       0x54 Drivers/STM32L4xx_HAL_Driver/Src/stm32l4xx_hal_rcc_ex.o
 .comment       0x0000000000000053       0x54 Drivers/STM32L4xx_HAL_Driver/Src/stm32l4xx_hal_spi.o
 .comment       0x0000000000000053       0x54 Drivers/STM32L4xx_HAL_Driver/Src/stm32l4xx_hal_uart.o

.debug_frame    0x0000000000000000     0x2ab0
 .debug_frame   0x0000000000000000       0xec Core/Src/main.o
 .debug_frame   0x00000000000000ec       0xc8 Core/Src/stm32l4xx_hal_msp.o
 .debug_frame   0x00000000000001b4      0x104 Core/Src/stm32l4xx_it.o
 .debug_frame   0x00000000000002b8       0x58 Core/Src/system_stm32l4xx.o
 .debug_frame   0x0000000000000310      0x498 Drivers/STM32L4xx_HAL_Driver/Src/stm32l4xx_hal.o
 .debug_frame   0x00000000000007a8      0x498 Drivers/STM32L4xx_HAL_Driver/Src/stm32l4xx_hal_cortex.o
 .debug_frame   0x0000000000000c40      0x14c Drivers/STM32L4xx_HAL_Driver/Src/stm32l4xx_hal_gpio.o
 .debug_frame   0x0000000000000d8c      0x544 Drivers/STM32L4xx_HAL_Driver/Src/stm32l4xx_hal_pwr_ex.o
 .debug_frame   0x00000000000012d0      0x1f4 Drivers/STM32L4xx_HAL_Driver/Src/stm32l4xx_hal_rcc.o
 .debug_frame   0x00000000000014c4      0x2fc Drivers/STM32L4xx_HAL_Driver/Src/stm32l4xx_hal_rcc_ex.o
 .debug_frame   0x00000000000017c0      0x860 Drivers/STM32L4xx_HAL_Driver/Src/stm32l4xx_hal_spi.o
 .debug_frame   0x0000000000002020      0x9e4 Drivers/STM32L4xx_HAL_Driver/Src/stm32l4xx_hal_uart.o
 .debug_frame   0x0000000000002a04       0x2c /opt/st/stm32cubeide_1.6.1/plugins/com.st.stm32cube.ide.mcu.externaltools.gnu-tools-for-stm32.9-2020-q2-update.linux64_1.5.0.202011040924/tools/bin/../lib/gcc/arm-none-eabi/9.3.1/../../../../arm-none-eabi/lib/thumb/v7e-m+fp/hard/libc_nano.a(lib_a-init.o)
 .debug_frame   0x0000000000002a30       0x20 /opt/st/stm32cubeide_1.6.1/plugins/com.st.stm32cube.ide.mcu.externaltools.gnu-tools-for-stm32.9-2020-q2-update.linux64_1.5.0.202011040924/tools/bin/../lib/gcc/arm-none-eabi/9.3.1/../../../../arm-none-eabi/lib/thumb/v7e-m+fp/hard/libc_nano.a(lib_a-memset.o)
 .debug_frame   0x0000000000002a50       0x2c /opt/st/stm32cubeide_1.6.1/plugins/com.st.stm32cube.ide.mcu.externaltools.gnu-tools-for-stm32.9-2020-q2-update.linux64_1.5.0.202011040924/tools/bin/../lib/gcc/arm-none-eabi/9.3.1/thumb/v7e-m+fp/hard/libgcc.a(_aeabi_uldivmod.o)
 .debug_frame   0x0000000000002a7c       0x34 /opt/st/stm32cubeide_1.6.1/plugins/com.st.stm32cube.ide.mcu.externaltools.gnu-tools-for-stm32.9-2020-q2-update.linux64_1.5.0.202011040924/tools/bin/../lib/gcc/arm-none-eabi/9.3.1/thumb/v7e-m+fp/hard/libgcc.a(_udivmoddi4.o)
